// Jest Snapshot v1, https://goo.gl/fbAQLP

exports[`Loaders.DualRing renders without crashing 1`] = `null`;
