// Jest Snapshot v1, https://goo.gl/fbAQLP

exports[`formik-effect works as expected 1`] = `
Array [
  Object {
    "dirty": true,
    "errors": Object {},
    "getFieldHelpers": [Function],
    "getFieldMeta": [Function],
    "getFieldProps": [Function],
    "handleBlur": [Function],
    "handleChange": [Function],
    "handleReset": [Function],
    "handleSubmit": [Function],
    "initialErrors": Object {},
    "initialStatus": undefined,
    "initialTouched": Object {},
    "initialValues": Object {
      "email": "",
      "firstName": "",
      "lastName": "",
    },
    "isSubmitting": false,
    "isValid": true,
    "isValidating": true,
    "registerField": [Function],
    "resetForm": [Function],
    "setErrors": [Function],
    "setFieldError": [Function],
    "setFieldTouched": [Function],
    "setFieldValue": [Function],
    "setFormikState": [Function],
    "setStatus": [Function],
    "setSubmitting": [Function],
    "setTouched": [Function],
    "setValues": [Function],
    "status": undefined,
    "submitCount": 0,
    "submitForm": [Function],
    "touched": Object {},
    "unregisterField": [Function],
    "validateField": [Function],
    "validateForm": [Function],
    "validateOnBlur": true,
    "validateOnChange": true,
    "validateOnMount": false,
    "values": Object {
      "email": "",
      "firstName": "John",
      "lastName": "",
    },
  },
  Object {
    "dirty": true,
    "errors": Object {},
    "getFieldHelpers": [Function],
    "getFieldMeta": [Function],
    "getFieldProps": [Function],
    "handleBlur": [Function],
    "handleChange": [Function],
    "handleReset": [Function],
    "handleSubmit": [Function],
    "initialErrors": Object {},
    "initialStatus": undefined,
    "initialTouched": Object {},
    "initialValues": Object {
      "email": "",
      "firstName": "",
      "lastName": "",
    },
    "isSubmitting": false,
    "isValid": true,
    "isValidating": true,
    "registerField": [Function],
    "resetForm": [Function],
    "setErrors": [Function],
    "setFieldError": [Function],
    "setFieldTouched": [Function],
    "setFieldValue": [Function],
    "setFormikState": [Function],
    "setStatus": [Function],
    "setSubmitting": [Function],
    "setTouched": [Function],
    "setValues": [Function],
    "status": undefined,
    "submitCount": 0,
    "submitForm": [Function],
    "touched": Object {},
    "unregisterField": [Function],
    "validateField": [Function],
    "validateForm": [Function],
    "validateOnBlur": true,
    "validateOnChange": true,
    "validateOnMount": false,
    "values": Object {
      "email": "",
      "firstName": "John",
      "lastName": "Doe",
    },
  },
]
`;
