// Jest Snapshot v1, https://goo.gl/fbAQLP

exports[`/components/errors/Fallback render correctly 1`] = `
<Router
  history={
    Object {
      "action": "POP",
      "block": [Function],
      "createHref": [Function],
      "go": [Function],
      "goBack": [Function],
      "goForward": [Function],
      "length": 1,
      "listen": [Function],
      "location": Object {
        "hash": "",
        "pathname": "/",
        "search": "",
        "state": undefined,
      },
      "push": [Function],
      "replace": [Function],
    }
  }
>
  <MonitorTokenExpiry
    redirectUrl="/session/expired"
    tokenExpired={false}
  />
</Router>
`;
